Archive member included to satisfy reference by file (symbol)

lvgl_build/liblvgl.a(lv_group.c.o)
                              CMakeFiles/speedometer.dir/gui.cpp.o (lv_group_create)
lvgl_build/liblvgl.a(lv_obj.c.o)
                              CMakeFiles/speedometer.dir/gui.cpp.o (lv_obj_create)
lvgl_build/liblvgl.a(lv_obj_class.c.o)
                              lvgl_build/liblvgl.a(lv_obj.c.o) (lv_obj_class_create_obj)
lvgl_build/liblvgl.a(lv_obj_draw.c.o)
                              lvgl_build/liblvgl.a(lv_obj.c.o) (lv_obj_init_draw_rect_dsc)
lvgl_build/liblvgl.a(lv_obj_event.c.o)
                              lvgl_build/liblvgl.a(lv_group.c.o) (lv_obj_send_event)
lvgl_build/liblvgl.a(lv_obj_pos.c.o)
                              CMakeFiles/speedometer.dir/gui.cpp.o (lv_obj_set_pos)
lvgl_build/liblvgl.a(lv_obj_scroll.c.o)
                              CMakeFiles/speedometer.dir/gui.cpp.o (lv_obj_set_scrollbar_mode)
lvgl_build/liblvgl.a(lv_obj_style.c.o)
                              lvgl_build/liblvgl.a(lv_obj.c.o) (lv_obj_enable_style_refresh)
lvgl_build/liblvgl.a(lv_obj_style_gen.c.o)
                              lvgl_build/liblvgl.a(lv_obj_pos.c.o) (lv_obj_set_style_width)
lvgl_build/liblvgl.a(lv_obj_tree.c.o)
                              CMakeFiles/speedometer.dir/gui.cpp.o (lv_obj_delete)
lvgl_build/liblvgl.a(lv_observer.c.o)
                              lvgl_build/liblvgl.a(lv_obj_style.c.o) (lv_subject_get_int)
lvgl_build/liblvgl.a(lv_refr.c.o)
                              lvgl_build/liblvgl.a(lv_obj_pos.c.o) (lv_inv_area)
lvgl_build/liblvgl.a(lv_display.c.o)
                              CMakeFiles/speedometer.dir/main.cpp.o (lv_display_create)
lvgl_build/liblvgl.a(lv_draw.c.o)
                              lvgl_build/liblvgl.a(lv_refr.c.o) (lv_draw_dispatch)
lvgl_build/liblvgl.a(lv_draw_blur.c.o)
                              lvgl_build/liblvgl.a(lv_obj.c.o) (lv_draw_blur_dsc_init)
lvgl_build/liblvgl.a(lv_draw_buf.c.o)
                              lvgl_build/liblvgl.a(lv_refr.c.o) (lv_draw_buf_width_to_stride)
lvgl_build/liblvgl.a(lv_draw_image.c.o)
                              lvgl_build/liblvgl.a(lv_refr.c.o) (lv_draw_image_dsc_init)
lvgl_build/liblvgl.a(lv_draw_label.c.o)
                              lvgl_build/liblvgl.a(lv_draw.c.o) (lv_draw_task_get_label_dsc)
lvgl_build/liblvgl.a(lv_draw_mask.c.o)
                              lvgl_build/liblvgl.a(lv_refr.c.o) (lv_draw_mask_rect_dsc_init)
lvgl_build/liblvgl.a(lv_draw_rect.c.o)
                              lvgl_build/liblvgl.a(lv_obj.c.o) (lv_draw_rect_dsc_init)
lvgl_build/liblvgl.a(lv_draw_sw_mask.c.o)
                              lvgl_build/liblvgl.a(lv_refr.c.o) (lv_draw_sw_mask_cleanup)
lvgl_build/liblvgl.a(lv_font.c.o)
                              lvgl_build/liblvgl.a(lv_draw_label.c.o) (lv_font_get_glyph_bitmap)
lvgl_build/liblvgl.a(lv_font_montserrat_14.c.o)
                              CMakeFiles/speedometer.dir/gui.cpp.o (lv_font_montserrat_14)
lvgl_build/liblvgl.a(lv_font_montserrat_48.c.o)
                              CMakeFiles/speedometer.dir/gui.cpp.o (lv_font_montserrat_48)
lvgl_build/liblvgl.a(lv_image_decoder.c.o)
                              lvgl_build/liblvgl.a(lv_draw_image.c.o) (lv_image_decoder_get_info)
lvgl_build/liblvgl.a(lv_indev.c.o)
                              CMakeFiles/speedometer.dir/main.cpp.o (lv_indev_create)
lvgl_build/liblvgl.a(lv_indev_scroll.c.o)
                              lvgl_build/liblvgl.a(lv_indev.c.o) (lv_indev_scroll_throw_handler)
lvgl_build/liblvgl.a(lv_layout.c.o)
                              lvgl_build/liblvgl.a(lv_obj_pos.c.o) (lv_layout_get_min_size)
lvgl_build/liblvgl.a(lv_init.c.o)
                              lvgl_build/liblvgl.a(lv_group.c.o) (lv_global)
lvgl_build/liblvgl.a(lv_image_cache.c.o)
                              lvgl_build/liblvgl.a(lv_image_decoder.c.o) (lv_image_cache_init)
lvgl_build/liblvgl.a(lv_image_header_cache.c.o)
                              lvgl_build/liblvgl.a(lv_image_decoder.c.o) (lv_image_header_cache_init)
lvgl_build/liblvgl.a(lv_cache.c.o)
                              lvgl_build/liblvgl.a(lv_image_cache.c.o) (lv_cache_create)
lvgl_build/liblvgl.a(lv_cache_entry.c.o)
                              lvgl_build/liblvgl.a(lv_cache.c.o) (lv_cache_entry_get_ref)
lvgl_build/liblvgl.a(lv_anim.c.o)
                              lvgl_build/liblvgl.a(lv_init.c.o) (lv_anim_core_init)
lvgl_build/liblvgl.a(lv_anim_timeline.c.o)
                              lvgl_build/liblvgl.a(lv_obj.c.o) (lv_anim_timeline_start)
lvgl_build/liblvgl.a(lv_area.c.o)
                              lvgl_build/liblvgl.a(lv_obj_scroll.c.o) (lv_area_set)
lvgl_build/liblvgl.a(lv_async.c.o)
                              lvgl_build/liblvgl.a(lv_obj_tree.c.o) (lv_async_call)
lvgl_build/liblvgl.a(lv_color.c.o)
                              lvgl_build/liblvgl.a(lv_draw_buf.c.o) (lv_color_format_get_bpp)
lvgl_build/liblvgl.a(lv_color_op.c.o)
[...]
Memory Configuration

Name             Origin             Length             Attributes
FLASH            0x10000000         0x00200000         xr
RAM              0x20000000         0x00040000         xrw
SCRATCH_X        0x20040000         0x00001000         xrw
SCRATCH_Y        0x20041000         0x00001000         xrw
*default*        0x00000000         0xffffffff

Linker script and memory map

LOAD /usr/lib/gcc/arm-none-eabi/13.2.1/thumb/v6-m/nofp/crti.o
LOAD /usr/lib/gcc/arm-none-eabi/13.2.1/thumb/v6-m/nofp/crtbegin.o
LOAD /usr/lib/gcc/arm-none-eabi/13.2.1/../../../arm-none-eabi/lib/thumb/v6-m/nofp/crt0.o

.flash_begin    0x10000000        0x0
                0x10000000                        __flash_binary_start = .

.boot2          0x10000000      0x100
                0x10000000                        __boot2_start__ = .
 *(.boot2)
 .boot2         0x10000000      0x100 pico-sdk/src/rp2040/boot_stage2/CMakeFiles/bs2_default_library.dir/bs2_default_padded_checksummed.S.o
                0x10000100                        __boot2_end__ = .
                0x00000001                        ASSERT (((__boot2_end__ - __boot2_start__) == 0x100), ERROR: Pico second stage bootloader must be 256 bytes in size)

.text           0x10000100    0x7cd4c
                0x10000100                        __logical_binary_start = .
 *(.vectors)
 .vectors       0x10000100       0xd4 CMakeFiles/speedometer.dir/home/mathew/rpi-pico/pico-sdk/src/rp2_common/pico_crt0/crt0.S.o
                0x10000100                __vectors
                0x10000100                __VECTOR_TABLE
                0x100001c0                isr_irq30
                0x100001c0                __unhandled_user_irq
                0x100001c0                isr_irq13
                0x100001c0                isr_irq27
                0x100001c0                isr_irq31
                0x100001c0                isr_irq5
                0x100001c0                isr_irq11
                0x100001c0                isr_irq23
                0x100001c0                isr_irq18
                0x100001c0                isr_irq28
                0x100001c0                isr_irq19
                0x100001c0                isr_irq0
                0x100001c0                isr_irq6
                0x100001c0                isr_irq22
                0x100001c0                isr_irq17
                0x100001c0                isr_irq14
                0x100001c0                __vectors_end
                0x100001c0                __default_isrs_start
                0x100001c0                isr_irq2
                0x100001c0                isr_irq10
                0x100001c0                isr_irq8
                0x100001c0                isr_irq24
                0x100001c0                isr_irq1
                0x100001c0                isr_irq7
                0x100001c0                isr_irq21
                0x100001c0                isr_irq20
                0x100001c0                isr_irq15
                0x100001c0                isr_irq25
                0x100001c0                isr_irq4
                0x100001c0                isr_irq16
                0x100001c0                isr_irq29
                0x100001c0                isr_irq26
                0x100001c0                isr_irq3
                0x100001c0                isr_irq12
                0x100001c0                isr_irq9
                0x100001c6                unhandled_user_irq_num_in_r0
                0x100001c8                isr_invalid
                0x100001ca                isr_nmi
                0x100001cc                isr_hardfault
                0x100001ce                isr_svcall
                0x100001d0                isr_pendsv
                0x100001d2                isr_systick
                0x100001d4                __default_isrs_end
 *(.binary_info_header)
 .binary_info_header
                0x100001d4       0x14 CMakeFiles/speedometer.dir/home/mathew/rpi-pico/pico-sdk/src/rp2_common/pico_crt0/crt0.S.o
                0x100001e8                        __binary_info_header_end = .
 *(.embedded_block)
                0x100001e8                        __embedded_block_end = .
 *(.reset)
 .reset         0x100001e8       0x9c CMakeFiles/speedometer.dir/home/mathew/rpi-pico/pico-sdk/src/rp2_common/pico_crt0/crt0.S.o
                0x100001e8                _entry_point
 *(.init)
 .init          0x10000284        0x4 /usr/lib/gcc/arm-none-eabi/13.2.1/thumb/v6-m/nofp/crti.o
                0x10000284                _init
 *(EXCLUDE_FILE(*libm.a: *libc.a:*lib_a-mem*.o *libgcc.a:) .text*)
 .text          0x10000288       0x98 /usr/lib/gcc/arm-none-eabi/13.2.1/thumb/v6-m/nofp/crtbegin.o
 .text._Z17my_keypad_read_cbP11_lv_indev_tP15lv_indev_data_t
                0x10000320      0x1c0 CMakeFiles/speedometer.dir/main.cpp.o
                0x10000320                my_keypad_read_cb(_lv_indev_t*, lv_indev_data_t*)
 .text._ZL18lvgl_flush_wrapperP13_lv_display_tPK9lv_area_tPh
                0x100004e0       0x18 CMakeFiles/speedometer.dir/main.cpp.o
 .text.shared_button_callback
                0x100004f8       0x4c CMakeFiles/speedometer.dir/main.cpp.o
                0x100004f8                shared_button_callback
 .text.startup.main
                0x10000544      0x200 CMakeFiles/speedometer.dir/main.cpp.o
                0x10000544                main
 .text._ZN10LcdDisplay4InitEv
                0x10000744      0x398 CMakeFiles/speedometer.dir/lcd.cpp.o
                0x10000744                LcdDisplay::Init()
 .text._ZN10LcdDisplay6InithwEv
                0x10000adc       0x70 CMakeFiles/speedometer.dir/lcd.cpp.o
                0x10000adc                LcdDisplay::Inithw()
 .text._ZN10LcdDisplay16FlushLvglDisplayEP13_lv_display_tPK9lv_area_tPh
                0x10000b4c      0x114 CMakeFiles/speedometer.dir/lcd.cpp.o
                0x10000b4c                LcdDisplay::FlushLvglDisplay(_lv_display_t*, lv_area_t const*, unsigned char*)
 .text.startup._GLOBAL__sub_I_lcd
                0x10000c60       0x10 CMakeFiles/speedometer.dir/lcd.cpp.o
 .text.cs_select
                0x10000c70       0x30 CMakeFiles/speedometer.dir/tft_spi.cpp.o
                0x10000c70                cs_select
 .text.cs_deselect
                0x10000ca0       0x18 CMakeFiles/speedometer.dir/tft_spi.cpp.o
                0x10000ca0                cs_deselect
 .text.write_register
                0x10000cb8       0x8c CMakeFiles/speedometer.dir/tft_spi.cpp.o
                0x10000cb8                write_register
 .text._ZL20status_bar_poller_cbP11_lv_timer_t
                0x10000d44      0x2a8 CMakeFiles/speedometer.dir/gui.cpp.o
 .text._ZL14clock_timer_cbP11_lv_timer_t
                0x10000fec      0x16c CMakeFiles/speedometer.dir/gui.cpp.o
 .text._Z16ShowDigitalClockv.part.0
                0x10001158      0x328 CMakeFiles/speedometer.dir/gui.cpp.o
 .text._Z23create_menu_icon_widgetP9_lv_obj_tPK14lv_image_dsc_tllli
                0x10001480      0x11c CMakeFiles/speedometer.dir/gui.cpp.o
                0x10001480                create_menu_icon_widget(_lv_obj_t*, lv_image_dsc_t const*, long, long, long, int)
 .text._Z23create_lvgl_home_screenv
                0x1000159c      0x464 CMakeFiles/speedometer.dir/gui.cpp.o
                0x1000159c                create_lvgl_home_screen()
 .text._ZZ16ShowDigitalClockvENUlP11_lv_event_tE_4_FUNES0_
                0x10001a00       0x94 CMakeFiles/speedometer.dir/gui.cpp.o
 .text._Z19ShowSettingsSubMenuv
                0x10001a94      0x11c CMakeFiles/speedometer.dir/gui.cpp.o
                0x10001a94                ShowSettingsSubMenu()
 .text._ZL23menu_icon_event_handlerP11_lv_event_t
                0x10001bb0      0x11c CMakeFiles/speedometer.dir/gui.cpp.o
 .text._ZN6Ds32314InitEv
                0x10001ccc       0x38 CMakeFiles/speedometer.dir/ds3231.cpp.o
                0x10001ccc                Ds3231::Init()
 .text._ZN6Ds32317SetTimeEhhh
                0x10001d04       0x9c CMakeFiles/speedometer.dir/ds3231.cpp.o
                0x10001d04                Ds3231::SetTime(unsigned char, unsigned char, unsigned char)
 .text._ZN6Ds32317SetDateEhht
                0x10001da0       0xa4 CMakeFiles/speedometer.dir/ds3231.cpp.o
                0x10001da0                Ds3231::SetDate(unsigned char, unsigned char, unsigned short)
 .text._ZN6Ds32317GetTimeEv
                0x10001e44       0xac CMakeFiles/speedometer.dir/ds3231.cpp.o
                0x10001e44                Ds3231::GetTime()
 .text.startup._GLOBAL__sub_I_rtc
                0x10001ef0       0x20 CMakeFiles/speedometer.dir/ds3231.cpp.o
 .text.Generate1HzOnLED
                0x10001f10       0xf8 CMakeFiles/speedometer.dir/Gen1Hz.cpp.o
                0x10001f10                Generate1HzOnLED
 .text._ZL24send_at_command_blockingPKcS0_m
                0x10002008      0x178 CMakeFiles/speedometer.dir/wifi.cpp.o
 .text._Z24IsMobileHotspotAvailablePKc
                0x10002180      0x1ec CMakeFiles/speedometer.dir/wifi.cpp.o
                0x10002180                IsMobileHotspotAvailable(char const*)
 .text._Z24Core1_Wifi_Worker_Threadv
                0x1000236c      0x54c CMakeFiles/speedometer.dir/wifi.cpp.o
                0x1000236c                Core1_Wifi_Worker_Thread()
 .text.gpio_default_irq_handler
                0x100028b8      0x274 CMakeFiles/speedometer.dir/home/mathew/rpi-pico/pico-sdk/src/rp2_common/hardware_gpio/gpio.c.o
 .text.gpio_set_function
                0x10002b2c       0x34 CMakeFiles/speedometer.dir/home/mathew/rpi-pico/pico-sdk/src/rp2_common/hardware_gpio/gpio.c.o
                0x10002b2c                gpio_set_function
 .text.gpio_set_pulls
                0x10002b60       0x28 CMakeFiles/speedometer.dir/home/mathew/rpi-pico/pico-sdk/src/rp2_common/hardware_gpio/gpio.c.o
                0x10002b60                gpio_set_pulls
 .text.gpio_set_irq_enabled
                0x10002b88       0x58 CMakeFiles/speedometer.dir/home/mathew/rpi-pico/pico-sdk/src/rp2_common/hardware_gpio/gpio.c.o
                0x10002b88                gpio_set_irq_enabled
 .text.gpio_set_irq_enabled_with_callback
                0x10002be0       0xd0 CMakeFiles/speedometer.dir/home/mathew/rpi-pico/pico-sdk/src/rp2_common/hardware_gpio/gpio.c.o
                0x10002be0                gpio_set_irq_enabled_with_callback
 .text.gpio_init
                0x10002cb0       0x40 CMakeFiles/speedometer.dir/home/mathew/rpi-pico/pico-sdk/src/rp2_common/hardware_gpio/gpio.c.o
                0x10002cb0                gpio_init
 .text.panic    0x10002cf0       0x30 CMakeFiles/speedometer.dir/home/mathew/rpi-pico/pico-sdk/src/rp2_common/pico_platform_panic/panic.c.o
                0x10002cf0                panic
 .text.hw_claim_lock
                0x10002d20       0x18 CMakeFiles/speedometer.dir/home/mathew/rpi-pico/pico-sdk/src/common/hardware_claim/claim.c.o
                0x10002d20                hw_claim_lock
 .text.hw_claim_unlock
                0x10002d38       0x14 CMakeFiles/speedometer.dir/home/mathew/rpi-pico/pico-sdk/src/common/hardware_claim/claim.c.o
                0x10002d38                hw_claim_unlock
 .text.hw_claim_or_assert
                0x10002d4c       0x44 CMakeFiles/speedometer.dir/home/mathew/rpi-pico/pico-sdk/src/common/hardware_claim/claim.c.o
                0x10002d4c                hw_claim_or_assert
 .text.hw_claim_unused_from_range
                0x10002d90       0x9c CMakeFiles/speedometer.dir/home/mathew/rpi-pico/pico-sdk/src/common/hardware_claim/claim.c.o
                0x10002d90                hw_claim_unused_from_range
 .text.hw_claim_clear
                0x10002e2c       0x38 CMakeFiles/speedometer.dir/home/mathew/rpi-pico/pico-sdk/src/common/hardware_claim/claim.c.o
                0x10002e2c                hw_claim_clear
 .text.next_striped_spin_lock_num
                0x10002e64       0x18 CMakeFiles/speedometer.dir/home/mathew/rpi-pico/pico-sdk/src/rp2_common/hardware_sync/sync.c.o
                0x10002e64                next_striped_spin_lock_num
 .text.spin_locks_reset
                0x10002e7c       0x1c CMakeFiles/speedometer.dir/home/mathew/rpi-pico/pico-sdk/src/rp2_common/hardware_sync_spin_lock/sync_spin_lock.c.o
                0x10002e7c                spin_locks_reset
 .text.runtime_init_per_core_irq_priorities
                0x10002e98       0x24 CMakeFiles/speedometer.dir/home/mathew/rpi-pico/pico-sdk/src/rp2_common/hardware_irq/irq.c.o
                0x10002e98                runtime_init_per_core_irq_priorities
 .text.irq_set_enabled
                0x10002ebc       0x24 CMakeFiles/speedometer.dir/home/mathew/rpi-pico/pico-sdk/src/rp2_common/hardware_irq/irq.c.o
                0x10002ebc                irq_set_enabled
 .text.irq_is_enabled
                0x10002ee0       0x18 CMakeFiles/speedometer.dir/home/mathew/rpi-pico/pico-sdk/src/rp2_common/hardware_irq/irq.c.o
                0x10002ee0                irq_is_enabled
 .text.irq_set_exclusive_handler
                0x10002ef8       0x54 CMakeFiles/speedometer.dir/home/mathew/rpi-pico/pico-sdk/src/rp2_common/hardware_irq/irq.c.o
                0x10002ef8                irq_set_exclusive_handler
 .text.irq_add_shared_handler
                0x10002f4c      0x1f4 CMakeFiles/speedometer.dir/home/mathew/rpi-pico/pico-sdk/src/rp2_common/hardware_irq/irq.c.o
                0x10002f4c                irq_add_shared_handler
 .text.irq_remove_handler
                0x10003140      0x1d4 CMakeFiles/speedometer.dir/home/mathew/rpi-pico/pico-sdk/src/rp2_common/hardware_irq/irq.c.o
                0x10003140                irq_remove_handler
 .text.irq_add_tail_to_free_list
                0x10003314       0xb4 CMakeFiles/speedometer.dir/home/mathew/rpi-pico/pico-sdk/src/rp2_common/hardware_irq/irq.c.o
                0x10003314                irq_add_tail_to_free_list
 .text.lock_init
                0x100033c8       0x10 CMakeFiles/speedometer.dir/home/mathew/rpi-pico/pico-sdk/src/common/pico_sync/lock_core.c.o
                0x100033c8                lock_init
 .text.runtime_init_mutex
                0x100033d8       0x50 CMakeFiles/speedometer.dir/home/mathew/rpi-pico/pico-sdk/src/common/pico_sync/mutex.c.o
                0x100033d8                runtime_init_mutex
 .text.sleep_until_callback
                0x10003428       0x30 CMakeFiles/speedometer.dir/home/mathew/rpi-pico/pico-sdk/src/common/pico_time/time.c.o
 .text.alarm_pool_irq_handler
                0x10003458      0x2fc CMakeFiles/speedometer.dir/home/mathew/rpi-pico/pico-sdk/src/common/pico_time/time.c.o
 .text.runtime_init_default_alarm_pool
                0x10003754       0xdc CMakeFiles/speedometer.dir/home/mathew/rpi-pico/pico-sdk/src/common/pico_time/time.c.o
                0x10003754                runtime_init_default_alarm_pool
 .text.alarm_pool_add_alarm_at_force_in_context
                0x10003830       0xb0 CMakeFiles/speedometer.dir/home/mathew/rpi-pico/pico-sdk/src/common/pico_time/time.c.o
                0x10003830                alarm_pool_add_alarm_at_force_in_context
 .text.alarm_pool_cancel_alarm
                0x100038e0       0x74 CMakeFiles/speedometer.dir/home/mathew/rpi-pico/pico-sdk/src/common/pico_time/time.c.o
                0x100038e0                alarm_pool_cancel_alarm
 .text.sleep_until
                0x10003954       0xd8 CMakeFiles/speedometer.dir/home/mathew/rpi-pico/pico-sdk/src/common/pico_time/time.c.o
                0x10003954                sleep_until
 .text.sleep_ms
                0x10003a2c       0x38 CMakeFiles/speedometer.dir/home/mathew/rpi-pico/pico-sdk/src/common/pico_time/time.c.o
                0x10003a2c                sleep_ms
 .text.best_effort_wfe_or_timeout
                0x10003a64       0xf8 CMakeFiles/speedometer.dir/home/mathew/rpi-pico/pico-sdk/src/common/pico_time/time.c.o
                0x10003a64                best_effort_wfe_or_timeout
 .text.timer_hardware_alarm_claim
                0x10003b5c       0x14 CMakeFiles/speedometer.dir/home/mathew/rpi-pico/pico-sdk/src/rp2_common/hardware_timer/timer.c.o
                0x10003b5c                timer_hardware_alarm_claim
 .text.timer_time_us_64
                0x10003b70       0x10 CMakeFiles/speedometer.dir/home/mathew/rpi-pico/pico-sdk/src/rp2_common/hardware_timer/timer.c.o
                0x10003b70                timer_time_us_64
 .text.time_us_64
                0x10003b80       0x14 CMakeFiles/speedometer.dir/home/mathew/rpi-pico/pico-sdk/src/rp2_common/hardware_timer/timer.c.o
                0x10003b80                time_us_64
 .text.busy_wait_us
                0x10003b94       0x68 CMakeFiles/speedometer.dir/home/mathew/rpi-pico/pico-sdk/src/rp2_common/hardware_timer/timer.c.o
                0x10003b94                busy_wait_us
 .text.busy_wait_until
                0x10003bfc       0x20 CMakeFiles/speedometer.dir/home/mathew/rpi-pico/pico-sdk/src/rp2_common/hardware_timer/timer.c.o
                0x10003bfc                busy_wait_until
 .text.uart_init
                0x10003c1c      0x120 CMakeFiles/speedometer.dir/home/mathew/rpi-pico/pico-sdk/src/rp2_common/hardware_uart/uart.c.o
                0x10003c1c                uart_init
 .text.clock_configure_int_divider
                0x10003d3c       0xf4 CMakeFiles/speedometer.dir/home/mathew/rpi-pico/pico-sdk/src/rp2_common/hardware_clocks/clocks.c.o
                0x10003d3c                clock_configure_int_divider
 .text.clock_configure_undivided
                0x10003e30       0xe8 CMakeFiles/speedometer.dir/home/mathew/rpi-pico/pico-sdk/src/rp2_common/hardware_clocks/clocks.c.o
                0x10003e30                clock_configure_undivided
 .text.clock_get_hz
                0x10003f18        0xc CMakeFiles/speedometer.dir/home/mathew/rpi-pico/pico-sdk/src/rp2_common/hardware_clocks/clocks.c.o
                0x10003f18                clock_get_hz
 .text.pll_init
                0x10003f24       0xa4 CMakeFiles/speedometer.dir/home/mathew/rpi-pico/pico-sdk/src/rp2_common/hardware_pll/pll.c.o
                0x10003f24                pll_init
 .text.tick_start
                0x10003fc8       0x10 CMakeFiles/speedometer.dir/home/mathew/rpi-pico/pico-sdk/src/rp2_common/hardware_ticks/ticks.c.o
                0x10003fc8                tick_start
 .text.rom_func_lookup
                0x10003fd8       0x10 CMakeFiles/speedometer.dir/home/mathew/rpi-pico/pico-sdk/src/rp2_common/pico_bootrom/bootrom.c.o
                0x10003fd8                rom_func_lookup
 .text.rom_data_lookup
                0x10003fe8       0x10 CMakeFiles/speedometer.dir/home/mathew/rpi-pico/pico-sdk/src/rp2_common/pico_bootrom/bootrom.c.o
                0x10003fe8                rom_data_lookup
 .text.rom_funcs_lookup
                0x10003ff8       0x44 CMakeFiles/speedometer.dir/home/mathew/rpi-pico/pico-sdk/src/rp2_common/pico_bootrom/bootrom.c.o
                0x10003ff8                rom_funcs_lookup
 .text.xosc_init
                0x1000403c       0x28 CMakeFiles/speedometer.dir/home/mathew/rpi-pico/pico-sdk/src/rp2_common/hardware_xosc/xosc.c.o
                0x1000403c                xosc_init
 .text.first_per_core_initializer
                0x10004064        0x4 CMakeFiles/speedometer.dir/home/mathew/rpi-pico/pico-sdk/src/rp2_common/pico_runtime/runtime.c.o
 .text.hard_assertion_failure
                0x10004068        0xc CMakeFiles/speedometer.dir/home/mathew/rpi-pico/pico-sdk/src/rp2_common/pico_runtime/runtime.c.o
                0x10004068                hard_assertion_failure
 .text.runtime_run_initializers
                0x10004074       0x28 CMakeFiles/speedometer.dir/home/mathew/rpi-pico/pico-sdk/src/rp2_common/pico_runtime/runtime.c.o
                0x10004074                runtime_run_initializers
 .text.runtime_run_per_core_initializers
                0x1000409c       0x28 CMakeFiles/speedometer.dir/home/mathew/rpi-pico/pico-sdk/src/rp2_common/pico_runtime/runtime.c.o
                0x1000409c                runtime_run_per_core_initializers
 .text.runtime_init_early_resets
                0x100040c4       0x2c CMakeFiles/speedometer.dir/home/mathew/rpi-pico/pico-sdk/src/rp2_common/pico_runtime_init/runtime_init.c.o
                0x100040c4                runtime_init_early_resets
 .text.runtime_init_usb_power_down
                0x100040f0       0x1c CMakeFiles/speedometer.dir/home/mathew/rpi-pico/pico-sdk/src/rp2_common/pico_runtime_init/runtime_init.c.o
                0x100040f0                runtime_init_usb_power_down
 .text.runtime_init_post_clock_resets
                0x1000410c       0x20 CMakeFiles/speedometer.dir/home/mathew/rpi-pico/pico-sdk/src/rp2_common/pico_runtime_init/runtime_init.c.o
                0x1000410c                runtime_init_post_clock_resets
 .text.runtime_init_rp2040_gpio_ie_disable
                0x1000412c       0x14 CMakeFiles/speedometer.dir/home/mathew/rpi-pico/pico-sdk/src/rp2_common/pico_runtime_init/runtime_init.c.o
                0x1000412c                runtime_init_rp2040_gpio_ie_disable
 .text.runtime_init_spin_locks_reset
                0x10004140        0x8 CMakeFiles/speedometer.dir/home/mathew/rpi-pico/pico-sdk/src/rp2_common/pico_runtime_init/runtime_init.c.o
                0x10004140                runtime_init_spin_locks_reset
 .text.runtime_init_install_ram_vector_table
                0x10004148       0xb4 CMakeFiles/speedometer.dir/home/mathew/rpi-pico/pico-sdk/src/rp2_common/pico_runtime_init/runtime_init.c.o
                0x10004148                runtime_init_install_ram_vector_table
 .text.runtime_init_clocks
                0x100041fc       0xd8 CMakeFiles/speedometer.dir/home/mathew/rpi-pico/pico-sdk/src/rp2_common/pico_runtime_init/runtime_init_clocks.c.o
                0x100041fc                runtime_init_clocks
 .text          0x100042d4       0x10 CMakeFiles/speedometer.dir/home/mathew/rpi-pico/pico-sdk/src/rp2_common/pico_bit_ops/bit_ops_aeabi.S.o
 .text.clzsi    0x100042e4        0xc CMakeFiles/speedometer.dir/home/mathew/rpi-pico/pico-sdk/src/rp2_common/pico_bit_ops/bit_ops_aeabi.S.o
                0x100042e4                __wrap___clz
                0x100042e4                __wrap___clzsi2
                0x100042e4                __wrap___clzl
 .text.ctzsi    0x100042f0        0xc CMakeFiles/speedometer.dir/home/mathew/rpi-pico/pico-sdk/src/rp2_common/pico_bit_ops/bit_ops_aeabi.S.o
                0x100042f0                __wrap___ctzsi2
 .text.__wrap___aeabi_idiv
                0x100042fc       0x50 CMakeFiles/speedometer.dir/home/mathew/rpi-pico/pico-sdk/src/rp2_common/pico_divider/divider_hardware.S.o
                0x100042fc                __wrap___aeabi_idivmod
                0x100042fc                divmod_s32s32
                0x100042fc                div_s32s32
                0x100042fc                __wrap___aeabi_idiv
                0x10004304                divmod_s32s32_unsafe
                0x10004330                divmod_s32s32_savestate
 .text.__wrap___aeabi_uidiv
                0x1000434c       0x4c CMakeFiles/speedometer.dir/home/mathew/rpi-pico/pico-sdk/src/rp2_common/pico_divider/divider_hardware.S.o
                0x1000434c                __wrap___aeabi_uidiv
                0x1000434c                __wrap___aeabi_uidivmod
                0x1000434c                div_u32u32
                0x1000434c                divmod_u32u32
                0x10004354                divmod_u32u32_unsafe
                0x1000437c                divmod_u32u32_savestate
 .text.__wrap___aeabi_ldiv
                0x10004398      0x424 CMakeFiles/speedometer.dir/home/mathew/rpi-pico/pico-sdk/src/rp2_common/pico_divider/divider_hardware.S.o
                0x10004398                div_s64s64
                0x10004398                divmod_s64s64
                0x10004398                __wrap___aeabi_ldivmod
                0x100043c8                div_u64u64
                0x100043c8                divmod_u64u64
                0x100043c8                __wrap___aeabi_uldivmod
                0x100043d8                divmod_u64u64_savestate
                0x100043f8                divmod_s64s64_unsafe
                0x10004480                divmod_u64u64_unsafe
 .text.__wrap___aeabi_darithmetic
                0x100047bc       0x80 CMakeFiles/speedometer.dir/home/mathew/rpi-pico/pico-sdk/src/rp2_common/pico_double/double_aeabi_rp2040.S.o
                0x100047bc                __wrap___aeabi_drsub
                0x100047c2                __wrap___aeabi_dsub
                0x100047d4                __wrap___aeabi_dadd
                0x100047e6                __wrap___aeabi_ddiv
                0x10004822                __wrap___aeabi_dmul
 .text.__wrap___aeabi_cdcmple
                0x1000483c       0x6c CMakeFiles/speedometer.dir/home/mathew/rpi-pico/pico-sdk/src/rp2_common/pico_double/double_aeabi_rp2040.S.o
                0x1000483c                __wrap___aeabi_cdrcmple
                0x1000484c                __wrap___aeabi_cdcmple
                0x1000484c                __wrap___aeabi_cdcmpeq
 .text.__wrap___aeabi_dcmpeq
                0x100048a8       0x10 CMakeFiles/speedometer.dir/home/mathew/rpi-pico/pico-sdk/src/rp2_common/pico_double/double_aeabi_rp2040.S.o
                0x100048a8                __wrap___aeabi_dcmpeq
 .text.__wrap___aeabi_dcmplt
                0x100048b8        0xc CMakeFiles/speedometer.dir/home/mathew/rpi-pico/pico-sdk/src/rp2_common/pico_double/double_aeabi_rp2040.S.o
                0x100048b8                __wrap___aeabi_dcmplt
 .text.__wrap___aeabi_dcmple
                0x100048c4       0x10 CMakeFiles/speedometer.dir/home/mathew/rpi-pico/pico-sdk/src/rp2_common/pico_double/double_aeabi_rp2040.S.o
                0x100048c4                __wrap___aeabi_dcmple
 .text.__wrap___aeabi_dcmpge
                0x100048d4       0x10 CMakeFiles/speedometer.dir/home/mathew/rpi-pico/pico-sdk/src/rp2_common/pico_double/double_aeabi_rp2040.S.o
                0x100048d4                __wrap___aeabi_dcmpge
 .text.__wrap___aeabi_dcmpgt
                0x100048e4        0xa CMakeFiles/speedometer.dir/home/mathew/rpi-pico/pico-sdk/src/rp2_common/pico_double/double_aeabi_rp2040.S.o
                0x100048e4                __wrap___aeabi_dcmpgt
 .text.__wrap___aeabi_dcmpun
                0x100048ee       0x18 CMakeFiles/speedometer.dir/home/mathew/rpi-pico/pico-sdk/src/rp2_common/pico_double/double_aeabi_rp2040.S.o
                0x100048ee                __wrap___aeabi_dcmpun
 *fill*         0x10004906        0x2 
 .text.__wrap___aeabi_i2d
                0x10004908       0x38 CMakeFiles/speedometer.dir/home/mathew/rpi-pico/pico-sdk/src/rp2_common/pico_double/double_aeabi_rp2040.S.o
                0x10004908                __wrap___aeabi_ui2d
                0x10004908                uint2double
                0x10004910                __wrap___aeabi_i2d
                0x10004910                int2double
 .text.__wrap___aeabi_d2iz
                0x10004940       0x48 CMakeFiles/speedometer.dir/home/mathew/rpi-pico/pico-sdk/src/rp2_common/pico_double/double_aeabi_rp2040.S.o
                0x10004940                __wrap___aeabi_d2iz
                0x10004940                double2int_z
 .text.__wrap___aeabi_d2uiz
                0x10004988       0x18 CMakeFiles/speedometer.dir/home/mathew/rpi-pico/pico-sdk/src/rp2_common/pico_double/double_aeabi_rp2040.S.o
                0x10004988                double2uint_z
                0x10004988                double2uint
                0x10004988                __wrap___aeabi_d2uiz
 .text.__wrap___aeabi_l2d
                0x100049a0       0x18 CMakeFiles/speedometer.dir/home/mathew/rpi-pico/pico-sdk/src/rp2_common/pico_double/double_aeabi_rp2040.S.o
                0x100049a0                __wrap___aeabi_l2d
                0x100049a0                int642double
 .text.__wrap___aeabi_d2lz
                0x100049b8       0x26 CMakeFiles/speedometer.dir/home/mathew/rpi-pico/pico-sdk/src/rp2_common/pico_double/double_aeabi_rp2040.S.o
                0x100049b8                __wrap___aeabi_d2lz
                0x100049b8                double2int64_z
 *fill*         0x100049de        0x2 
 .text.double2int64
                0x100049e0       0x18 CMakeFiles/speedometer.dir/home/mathew/rpi-pico/pico-sdk/src/rp2_common/pico_double/double_aeabi_rp2040.S.o
                0x100049e0                double2int64
 .text.double2ufix64
                0x100049f8       0x18 CMakeFiles/speedometer.dir/home/mathew/rpi-pico/pico-sdk/src/rp2_common/pico_double/double_aeabi_rp2040.S.o
                0x100049f8                double2ufix64
                0x100049f8                double2ufix64_z
 .text.__wrap___aeabi_d2f
                0x10004a10       0x18 CMakeFiles/speedometer.dir/home/mathew/rpi-pico/pico-sdk/src/rp2_common/pico_double/double_aeabi_rp2040.S.o
                0x10004a10                __wrap___aeabi_d2f
 .text.__aeabi_double_init
                0x10004a28       0xa4 CMakeFiles/speedometer.dir/home/mathew/rpi-pico/pico-sdk/src/rp2_common/pico_double/double_init_rom_rp2040.c.o
                0x10004a28                __aeabi_double_init
 .text.double_table_shim_on_use_helper
                0x10004acc       0x2c CMakeFiles/speedometer.dir/home/mathew/rpi-pico/pico-sdk/src/rp2_common/pico_double/double_v1_rom_shim_rp2040.S.o
                0x10004acc                double_table_shim_on_use_helper
 .text.__wrap___aeabi_dsub
                0x10004af8       0x10 CMakeFiles/speedometer.dir/home/mathew/rpi-pico/pico-sdk/src/rp2_common/pico_double/double_v1_rom_shim_rp2040.S.o
                0x10004af8                drsub_shim
                0x10004afe                dsub_shim
 .text.dadd_shim
                0x10004b08      0x15c CMakeFiles/speedometer.dir/home/mathew/rpi-pico/pico-sdk/src/rp2_common/pico_double/double_v1_rom_shim_rp2040.S.o
                0x10004b08                dadd_shim
 .text.dmul_shim
                0x10004c64      0x15c CMakeFiles/speedometer.dir/home/mathew/rpi-pico/pico-sdk/src/rp2_common/pico_double/double_v1_rom_shim_rp2040.S.o
                0x10004c64                dmul_shim
 .text.ddiv_shim
                0x10004dc0      0x1b0 CMakeFiles/speedometer.dir/home/mathew/rpi-pico/pico-sdk/src/rp2_common/pico_double/double_v1_rom_shim_rp2040.S.o
                0x10004dc0                ddiv_shim
 .text.double2uint_shim
                0x10004f70        0xe CMakeFiles/speedometer.dir/home/mathew/rpi-pico/pico-sdk/src/rp2_common/pico_double/double_v1_rom_shim_rp2040.S.o
                0x10004f70                double2uint_shim
                0x10004f72                double2ufix_shim
 .text.double2int64_shim
                0x10004f7e       0x1a CMakeFiles/speedometer.dir/home/mathew/rpi-pico/pico-sdk/src/rp2_common/pico_double/double_v1_rom_shim_rp2040.S.o
                0x10004f7e                double2int64_shim
                0x10004f80                double2fix64_shim
 .text.double2uint64_shim
                0x10004f98       0x70 CMakeFiles/speedometer.dir/home/mathew/rpi-pico/pico-sdk/src/rp2_common/pico_double/double_v1_rom_shim_rp2040.S.o
                0x10004f98                double2uint64_shim
                0x10004f9a                double2ufix64_shim
                0x10004fba                d2fix_a
 .text.double2float_shim
                0x10005008       0x5c CMakeFiles/speedometer.dir/home/mathew/rpi-pico/pico-sdk/src/rp2_common/pico_double/double_v1_rom_shim_rp2040.S.o
                0x10005008                double2float_shim
 .text.x2double_shims
                0x10005064       0x90 CMakeFiles/speedometer.dir/home/mathew/rpi-pico/pico-sdk/src/rp2_common/pico_double/double_v1_rom_shim_rp2040.S.o
                0x10005064                uint2double_shim
                0x10005066                ufix2double_shim
                0x1000506c                int2double_shim
                0x1000506e                fix2double_shim
                0x10005074                uint642double_shim
                0x10005076                ufix642double_shim
                0x1000507c                int642double_shim
                0x1000507e                fix642double_shim
 .text.dunpacks
                0x100050f4       0x3c CMakeFiles/speedometer.dir/home/mathew/rpi-pico/pico-sdk/src/rp2_common/pico_double/double_v1_rom_shim_rp2040.S.o
                0x100050f4                dunpacks
 .text.__aeabi_lmul
                0x10005130       0x32 CMakeFiles/speedometer.dir/home/mathew/rpi-pico/pico-sdk/src/rp2_common/pico_int64_ops/pico_int64_ops_aeabi.S.o
                0x10005130                __wrap___aeabi_lmul
 *fill*         0x10005162        0x2 
 .text.__wrap___aeabi_farithmetic
                0x10005164       0x48 CMakeFiles/speedometer.dir/home/mathew/rpi-pico/pico-sdk/src/rp2_common/pico_float/float_aeabi_rp2040.S.o
                0x10005164                __wrap___aeabi_frsub
                0x1000516a                __wrap___aeabi_fsub
                0x10005170                __wrap___aeabi_fadd
                0x10005176                __wrap___aeabi_fdiv
                0x1000519e                __wrap___aeabi_fmul
 .text.__wrap___aeabi_cfcmple
                0x100051ac       0x50 CMakeFiles/speedometer.dir/home/mathew/rpi-pico/pico-sdk/src/rp2_common/pico_float/float_aeabi_rp2040.S.o
                0x100051ac                __wrap___aeabi_cfrcmple
                0x100051b8                __wrap___aeabi_cfcmpeq
                0x100051b8                __wrap___aeabi_cfcmple
 .text.__wrap___aeabi_fcmple
                0x100051fc       0x10 CMakeFiles/speedometer.dir/home/mathew/rpi-pico/pico-sdk/src/rp2_common/pico_float/float_aeabi_rp2040.S.o
                0x100051fc                __wrap___aeabi_fcmple
 .text.__wrap___aeabi_fcmpun
                0x1000520c       0x18 CMakeFiles/speedometer.dir/home/mathew/rpi-pico/pico-sdk/src/rp2_common/pico_float/float_aeabi_rp2040.S.o
                0x1000520c                __wrap___aeabi_fcmpun
 .text.__wrap___aeabi_ui2f
                0x10005224        0xa CMakeFiles/speedometer.dir/home/mathew/rpi-pico/pico-sdk/src/rp2_common/pico_float/float_aeabi_rp2040.S.o
                0x10005224                uint2float
                0x10005224                __wrap___aeabi_ui2f
 *fill*         0x1000522e        0x2 
 .text.__wrap___aeabi_i2f
                0x10005230       0x44 CMakeFiles/speedometer.dir/home/mathew/rpi-pico/pico-sdk/src/rp2_common/pico_float/float_aeabi_rp2040.S.o
                0x10005230                int2float
                0x10005230                __wrap___aeabi_i2f
 .text.__wrap___aeabi_f2uiz
                0x10005274        0xc CMakeFiles/speedometer.dir/home/mathew/rpi-pico/pico-sdk/src/rp2_common/pico_float/float_aeabi_rp2040.S.o
                0x10005274                float2uint
                0x10005274                float2uint_z
                0x10005274                __wrap___aeabi_f2uiz
 .text.__aeabi_float_init
                0x10005280       0x64 CMakeFiles/speedometer.dir/home/mathew/rpi-pico/pico-sdk/src/rp2_common/pico_float/float_init_rom_rp2040.c.o
                0x10005280                __aeabi_float_init
 .text.float_table_shim_on_use_helper
                0x100052e4       0x2c CMakeFiles/speedometer.dir/home/mathew/rpi-pico/pico-sdk/src/rp2_common/pico_float/float_v1_rom_shim_rp2040.S.o
                0x100052e4                float_table_shim_on_use_helper
 .text          0x10005310       0x10 CMakeFiles/speedometer.dir/home/mathew/rpi-pico/pico-sdk/src/rp2_common/pico_mem_ops/mem_ops_aeabi.S.o
                0x10005310                __aeabi_mem_init
 .text.memset   0x10005320        0xc CMakeFiles/speedometer.dir/home/mathew/rpi-pico/pico-sdk/src/rp2_common/pico_mem_ops/mem_ops_aeabi.S.o
                0x10005320                __wrap_memset
 .text.memcpy   0x1000532c        0xc CMakeFiles/speedometer.dir/home/mathew/rpi-pico/pico-sdk/src/rp2_common/pico_mem_ops/mem_ops_aeabi.S.o
                0x1000532c                __wrap___aeabi_memcpy
                0x1000532c                __wrap_memcpy
 .text._out_buffer
                0x10005338        0x8 CMakeFiles/speedometer.dir/home/mathew/rpi-pico/pico-sdk/src/rp2_common/pico_printf/printf.c.o
 .text._out_null
                0x10005340        0x4 CMakeFiles/speedometer.dir/home/mathew/rpi-pico/pico-sdk/src/rp2_common/pico_printf/printf.c.o
 .text._out_rev
                0x10005344       0xac CMakeFiles/speedometer.dir/home/mathew/rpi-pico/pico-sdk/src/rp2_common/pico_printf/printf.c.o
 .text._ntoa_format
                0x100053f0      0x250 CMakeFiles/speedometer.dir/home/mathew/rpi-pico/pico-sdk/src/rp2_common/pico_printf/printf.c.o
 .text._out_char
                0x10005640       0x10 CMakeFiles/speedometer.dir/home/mathew/rpi-pico/pico-sdk/src/rp2_common/pico_printf/printf.c.o
 .text._out_fct
                0x10005650       0x10 CMakeFiles/speedometer.dir/home/mathew/rpi-pico/pico-sdk/src/rp2_common/pico_printf/printf.c.o
 .text._etoa    0x10005660      0x464 CMakeFiles/speedometer.dir/home/mathew/rpi-pico/pico-sdk/src/rp2_common/pico_printf/printf.c.o
 .text._ftoa    0x10005ac4      0x3c0 CMakeFiles/speedometer.dir/home/mathew/rpi-pico/pico-sdk/src/rp2_common/pico_printf/printf.c.o
 .text._vsnprintf
                0x10005e84      0xbc8 CMakeFiles/speedometer.dir/home/mathew/rpi-pico/pico-sdk/src/rp2_common/pico_printf/printf.c.o
 .text.__wrap_sprintf
                0x10006a4c       0x2c CMakeFiles/speedometer.dir/home/mathew/rpi-pico/pico-sdk/src/rp2_common/pico_printf/printf.c.o
                0x10006a4c                __wrap_sprintf
 .text.vfctprintf
                0x10006a78       0x20 CMakeFiles/speedometer.dir/home/mathew/rpi-pico/pico-sdk/src/rp2_common/pico_printf/printf.c.o
                0x10006a78                vfctprintf
 .text.weak_raw_printf
                0x10006a98       0x40 CMakeFiles/speedometer.dir/home/mathew/rpi-pico/pico-sdk/src/rp2_common/pico_printf/printf.c.o
                0x10006a98                weak_raw_printf
 .text.weak_raw_vprintf
                0x10006ad8       0x30 CMakeFiles/speedometer.dir/home/mathew/rpi-pico/pico-sdk/src/rp2_common/pico_printf/printf.c.o
                0x10006ad8                weak_raw_vprintf
 .text._exit    0x10006b08        0x4 CMakeFiles/speedometer.dir/home/mathew/rpi-pico/pico-sdk/src/rp2_common/pico_clib_interface/newlib_interface.c.o
                0x10006b08                _exit
 .text._sbrk    0x10006b0c       0x34 CMakeFiles/speedometer.dir/home/mathew/rpi-pico/pico-sdk/src/rp2_common/pico_clib_interface/newlib_interface.c.o
                0x10006b0c                _sbrk
 .text._read    0x10006b40       0x24 CMakeFiles/speedometer.dir/home/mathew/rpi-pico/pico-sdk/src/rp2_common/pico_clib_interface/newlib_interface.c.o
                0x10006b40                _read
 .text._write   0x10006b64       0x24 CMakeFiles/speedometer.dir/home/mathew/rpi-pico/pico-sdk/src/rp2_common/pico_clib_interface/newlib_interface.c.o
                0x10006b64                _write
 .text._close   0x10006b88        0x8 CMakeFiles/speedometer.dir/home/mathew/rpi-pico/pico-sdk/src/rp2_common/pico_clib_interface/newlib_interface.c.o
                0x10006b88                _close
 .text._lseek   0x10006b90        0x8 CMakeFiles/speedometer.dir/home/mathew/rpi-pico/pico-sdk/src/rp2_common/pico_clib_interface/newlib_interface.c.o
                0x10006b90                _lseek
 .text.exit     0x10006b98        0x8 CMakeFiles/speedometer.dir/home/mathew/rpi-pico/pico-sdk/src/rp2_common/pico_clib_interface/newlib_interface.c.o
                0x10006b98                exit
 .text.__assert_func
                0x10006ba0       0x38 CMakeFiles/speedometer.dir/home/mathew/rpi-pico/pico-sdk/src/rp2_common/pico_clib_interface/newlib_interface.c.o
                0x10006ba0                __assert_func
 .text.runtime_init
                0x10006bd8       0x2c CMakeFiles/speedometer.dir/home/mathew/rpi-pico/pico-sdk/src/rp2_common/pico_clib_interface/newlib_interface.c.o
                0x10006bd8                runtime_init
 .text.stdio_out_chars_no_crlf
                0x10006c04       0x10 CMakeFiles/speedometer.dir/home/mathew/rpi-pico/pico-sdk/src/rp2_common/pico_stdio/stdio.c.o
 .text.stdio_out_chars_crlf
                0x10006c14       0x94 CMakeFiles/speedometer.dir/home/mathew/rpi-pico/pico-sdk/src/rp2_common/pico_stdio/stdio.c.o
 .text.stdio_buffered_printer
                0x10006ca8       0x64 CMakeFiles/speedometer.dir/home/mathew/rpi-pico/pico-sdk/src/rp2_common/pico_stdio/stdio.c.o
 .text.stdio_put_string
                0x10006d0c      0x100 CMakeFiles/speedometer.dir/home/mathew/rpi-pico/pico-sdk/src/rp2_common/pico_stdio/stdio.c.o
                0x10006d0c                stdio_put_string
 .text.stdio_get_until
                0x10006e0c       0x84 CMakeFiles/speedometer.dir/home/mathew/rpi-pico/pico-sdk/src/rp2_common/pico_stdio/stdio.c.o
                0x10006e0c                stdio_get_until
 .text.stdio_set_driver_enabled
                0x10006e90       0x30 CMakeFiles/speedometer.dir/home/mathew/rpi-pico/pico-sdk/src/rp2_common/pico_stdio/stdio.c.o
                0x10006e90                stdio_set_driver_enabled
 .text.stdio_init_all
                0x10006ec0        0xc CMakeFiles/speedometer.dir/home/mathew/rpi-pico/pico-sdk/src/rp2_common/pico_stdio/stdio.c.o
                0x10006ec0                stdio_init_all
 .text.__wrap_putchar
                0x10006ecc       0x98 CMakeFiles/speedometer.dir/home/mathew/rpi-pico/pico-sdk/src/rp2_common/pico_stdio/stdio.c.o
                0x10006ecc                stdio_putchar
                0x10006ecc                __wrap_putchar
 .text.__wrap_puts
                0x10006f64       0x3c CMakeFiles/speedometer.dir/home/mathew/rpi-pico/pico-sdk/src/rp2_common/pico_stdio/stdio.c.o
                0x10006f64                __wrap_puts
                0x10006f64                stdio_puts
 .text.__wrap_vprintf
                0x10006fa0       0xd4 CMakeFiles/speedometer.dir/home/mathew/rpi-pico/pico-sdk/src/rp2_common/pico_stdio/stdio.c.o
                0x10006fa0                __wrap_vprintf
                0x10006fa0                stdio_vprintf
 .text.__wrap_printf
                0x10007074       0x18 CMakeFiles/speedometer.dir/home/mathew/rpi-pico/pico-sdk/src/rp2_common/pico_stdio/stdio.c.o
                0x10007074                stdio_printf
                0x10007074                __wrap_printf
 .text.stdio_uart_out_chars
                0x1000708c       0x4c CMakeFiles/speedometer.dir/home/mathew/rpi-pico/pico-sdk/src/rp2_common/pico_stdio_uart/stdio_uart.c.o
 .text.stdio_uart_in_chars
                0x100070d8       0x90 CMakeFiles/speedometer.dir/home/mathew/rpi-pico/pico-sdk/src/rp2_common/pico_stdio_uart/stdio_uart.c.o
                0x100070d8                stdio_uart_in_chars
 .text.on_uart_rx
                0x10007168       0x28 CMakeFiles/speedometer.dir/home/mathew/rpi-pico/pico-sdk/src/rp2_common/pico_stdio_uart/stdio_uart.c.o
 .text.stdio_uart_out_flush
                0x10007190       0x14 CMakeFiles/speedometer.dir/home/mathew/rpi-pico/pico-sdk/src/rp2_common/pico_stdio_uart/stdio_uart.c.o
 .text.stdio_uart_set_chars_available_callback
                0x100071a4       0x84 CMakeFiles/speedometer.dir/home/mathew/rpi-pico/pico-sdk/src/rp2_common/pico_stdio_uart/stdio_uart.c.o
 .text.stdio_uart_init
                0x10007228       0x50 CMakeFiles/speedometer.dir/home/mathew/rpi-pico/pico-sdk/src/rp2_common/pico_stdio_uart/stdio_uart.c.o
                0x10007228                stdio_uart_init
 .text.core1_trampoline
                0x10007278        0x4 CMakeFiles/speedometer.dir/home/mathew/rpi-pico/pico-sdk/src/rp2_common/pico_multicore/multicore.c.o
 .text.core1_wrapper
                0x1000727c        0xc CMakeFiles/speedometer.dir/home/mathew/rpi-pico/pico-sdk/src/rp2_common/pico_multicore/multicore.c.o
                0x1000727c                core1_wrapper
 .text.multicore_launch_core1_raw
                0x10007288       0x84 CMakeFiles/speedometer.dir/home/mathew/rpi-pico/pico-sdk/src/rp2_common/pico_multicore/multicore.c.o
                0x10007288                multicore_launch_core1_raw
 .text.multicore_launch_core1
                0x1000730c       0x58 CMakeFiles/speedometer.dir/home/mathew/rpi-pico/pico-sdk/src/rp2_common/pico_multicore/multicore.c.o
                0x1000730c                multicore_launch_core1
 .text.spi_init
                0x10007364      0x13c CMakeFiles/speedometer.dir/home/mathew/rpi-pico/pico-sdk/src/rp2_common/hardware_spi/spi.c.o
                0x10007364                spi_init
 .text.dma_channel_unclaim
                0x100074a0       0x14 CMakeFiles/speedometer.dir/home/mathew/rpi-pico/pico-sdk/src/rp2_common/hardware_dma/dma.c.o
                0x100074a0                dma_channel_unclaim
 .text.dma_claim_unused_channel
                0x100074b4       0x24 CMakeFiles/speedometer.dir/home/mathew/rpi-pico/pico-sdk/src/rp2_common/hardware_dma/dma.c.o
                0x100074b4                dma_claim_unused_channel
 .text.pio_claim_unused_sm
                0x100074d8       0x38 CMakeFiles/speedometer.dir/home/mathew/rpi-pico/pico-sdk/src/rp2_common/hardware_pio/pio.c.o
                0x100074d8                pio_claim_unused_sm
 .text.pio_add_program
                0x10007510      0x104 CMakeFiles/speedometer.dir/home/mathew/rpi-pico/pico-sdk/src/rp2_common/hardware_pio/pio.c.o
                0x10007510                pio_add_program
 .text.pio_sm_set_consecutive_pindirs
                0x10007614       0xb4 CMakeFiles/speedometer.dir/home/mathew/rpi-pico/pico-sdk/src/rp2_common/hardware_pio/pio.c.o
                0x10007614                pio_sm_set_consecutive_pindirs
 .text.pio_sm_init
                0x100076c8       0x9c CMakeFiles/speedometer.dir/home/mathew/rpi-pico/pico-sdk/src/rp2_common/hardware_pio/pio.c.o
                0x100076c8                pio_sm_init
 .text.i2c_read_blocking_internal.constprop.0
                0x10007764       0x98 CMakeFiles/speedometer.dir/home/mathew/rpi-pico/pico-sdk/src/rp2_common/hardware_i2c/i2c.c.o
 .text.i2c_write_blocking_internal.constprop.0
                0x100077fc       0xd0 CMakeFiles/speedometer.dir/home/mathew/rpi-pico/pico-sdk/src/rp2_common/hardware_i2c/i2c.c.o
 .text.i2c_set_baudrate
                0x100078cc       0xc0 CMakeFiles/speedometer.dir/home/mathew/rpi-pico/pico-sdk/src/rp2_common/hardware_i2c/i2c.c.o
                0x100078cc                i2c_set_baudrate
 .text.i2c_init
                0x1000798c       0x50 CMakeFiles/speedometer.dir/home/mathew/rpi-pico/pico-sdk/src/rp2_common/hardware_i2c/i2c.c.o
                0x1000798c                i2c_init
 .text.i2c_write_blocking
                0x100079dc       0x14 CMakeFiles/speedometer.dir/home/mathew/rpi-pico/pico-sdk/src/rp2_common/hardware_i2c/i2c.c.o
                0x100079dc                i2c_write_blocking
 .text.i2c_read_blocking
                0x100079f0       0x14 CMakeFiles/speedometer.dir/home/mathew/rpi-pico/pico-sdk/src/rp2_common/hardware_i2c/i2c.c.o
                0x100079f0                i2c_read_blocking
 .text          0x10007a04      0x91c lvgl_build/liblvgl.a(lv_group.c.o)
                0x10007b54                lv_group_init
                0x10007b64                lv_group_deinit
                0x10007b74                lv_group_create
                0x10007ba8                lv_group_delete
                0x10007c94                lv_group_set_default
                0x10007ca0                lv_group_get_default
                0x10007cac                lv_group_remove_obj
                0x10007dd4                lv_group_add_obj
                0x10007e7c                lv_group_remove_all_objs
                0x10007f10                lv_group_focus_obj
                0x10008060                lv_group_swap_obj
                0x100080d4                lv_group_focus_next
                0x100080fc                lv_group_focus_prev
                0x10008124                lv_group_focus_freeze
                0x10008140                lv_group_send_data
                0x1000817c                lv_group_set_focus_cb
                0x10008184                lv_group_set_edge_cb
                0x1000818c                lv_group_set_editing
                0x10008208                lv_group_set_refocus_policy
                0x10008220                lv_group_set_wrap
                0x10008238                lv_group_get_focused
                0x1000824c                lv_group_get_focus_cb
                0x10008258                lv_group_get_edge_cb
                0x10008264                lv_group_get_editing
                0x10008274                lv_group_get_wrap
                0x10008284                lv_group_get_obj_count
                0x10008294                lv_group_get_obj_by_index
                0x100082c8                lv_group_get_count
                0x100082d8                lv_group_by_index
                0x1000830c                lv_group_set_user_data
                0x10008314                lv_group_get_user_data
 .text          0x10008320     0x2a28 lvgl_build/liblvgl.a(lv_obj.c.o)
                0x10009050                lv_obj_create
                0x1000906c                lv_obj_remove_flag
                0x10009370                lv_obj_set_hidden
                0x1000940c                lv_obj_set_clickable
                0x10009428                lv_obj_set_click_focusable
                0x10009444                lv_obj_set_checkable
                0x10009460                lv_obj_set_scrollable
                0x100094cc                lv_obj_set_scroll_elastic
                0x100094e8                lv_obj_set_scroll_momentum
                0x10009504                lv_obj_set_scroll_one
                0x1000951c                lv_obj_set_scroll_chain
                0x1000953c                lv_obj_set_scroll_chain_hor
                0x10009550                lv_obj_set_scroll_chain_ver
                0x10009568                lv_obj_set_scroll_on_focus
                0x10009580                lv_obj_set_scroll_with_arrow
                0x10009598                lv_obj_set_snappable
                0x100095b0                lv_obj_set_press_lock
                0x100095c8                lv_obj_set_event_bubble
                0x100095e0                lv_obj_set_gesture_bubble
                0x100095f4                lv_obj_set_adv_hittest
                0x10009608                lv_obj_set_ignore_layout
                0x10009658                lv_obj_set_floating
                0x100096a8                lv_obj_set_send_draw_task_events
                0x100096c0                lv_obj_set_overflow_visible
                0x100096d8                lv_obj_set_event_trickle
                0x100096f0                lv_obj_set_state_trickle
                0x10009708                lv_obj_set_radio_button
                0x1000971c                lv_obj_set_flex_in_new_track
                0x10009780                lv_obj_add_state
                0x10009910                lv_obj_remove_state
                0x10009eb8                lv_obj_set_state
                0x1000a068                lv_obj_has_flag
                0x1000a240                lv_obj_add_flag
                0x1000a564                lv_obj_set_flag
                0x1000a57c                lv_obj_has_flag_any
                0x1000a730                lv_obj_is_hidden
                0x1000a744                lv_obj_is_clickable
                0x1000a758                lv_obj_is_click_focusable
                0x1000a76c                lv_obj_is_checkable
                0x1000a780                lv_obj_is_scrollable
                0x1000a794                lv_obj_is_scroll_elastic
                0x1000a7a8                lv_obj_is_scroll_momentum
                0x1000a7bc                lv_obj_is_scroll_one
                0x1000a7cc                lv_obj_is_scroll_chain_hor
                0x1000a7e0                lv_obj_is_scroll_chain_ver
                0x1000a7f4                lv_obj_is_scroll_on_focus
                0x1000a808                lv_obj_is_scroll_with_arrow
                0x1000a81c                lv_obj_is_snappable
                0x1000a830                lv_obj_is_press_lock
                0x1000a844                lv_obj_is_event_bubble
                0x1000a858                lv_obj_is_gesture_bubble
                0x1000a868                lv_obj_is_adv_hittest
                0x1000a87c                lv_obj_is_ignore_layout
                0x1000a890                lv_obj_is_floating
                0x1000a8a4                lv_obj_is_send_draw_task_events
                0x1000a8b8                lv_obj_is_overflow_visible
                0x1000a8cc                lv_obj_is_event_trickle
                0x1000a8e0                lv_obj_is_state_trickle
                0x1000a8f4                lv_obj_is_radio_button
                0x1000a904                lv_obj_is_flex_in_new_track
                0x1000a91c                lv_obj_get_state
                0x1000a928                lv_obj_has_state
                0x1000a93c                lv_obj_get_group
                0x1000a950                lv_obj_add_child
                0x1000a988                lv_obj_remove_child
                0x1000a9ec                lv_obj_allocate_spec_attr
                0x1000aa24                lv_obj_check_type
                0x1000aa3c                lv_obj_has_class
                0x1000aa60                lv_obj_get_class
                0x1000aa6c                lv_obj_is_valid
                0x1000ab04                lv_obj_null_on_delete
                0x1000ab20                lv_obj_add_screen_load_event
                0x1000ab88                lv_obj_add_screen_create_event
                0x1000abf0                lv_obj_add_play_timeline_event
                0x1000ac54                lv_obj_set_user_data
                0x1000ac5c                lv_obj_set_user_flag
                0x1000acb4                lv_obj_get_user_data
                0x1000acc0                lv_obj_get_user_flag
                0x1000ace0                lv_obj_add_delete_cb
                0x1000ad24                lv_obj_remove_delete_cb
 .text          0x1000ad48      0x268 lvgl_build/liblvgl.a(lv_obj_class.c.o)
                0x1000ad94                lv_obj_class_create_obj
                0x1000ae4c                lv_obj_class_init_obj
                0x1000af20                lv_obj_destruct
                0x1000af50                lv_obj_is_editable
                0x1000af80                lv_obj_is_group_def
 .text          0x1000afb0      0xdbc lvgl_build/liblvgl.a(lv_obj_draw.c.o)
                0x1000b168                lv_obj_init_draw_rect_dsc
                0x1000b650                lv_obj_init_draw_label_dsc
                0x1000b768                lv_obj_init_draw_image_dsc
                0x1000b8ac                lv_obj_init_draw_line_dsc
                0x1000b9cc                lv_obj_init_draw_arc_dsc
                0x1000bad0                lv_obj_init_draw_blur_dsc
                0x1000bb18                lv_obj_set_ext_draw_size
                0x1000bb3c                lv_obj_calculate_ext_draw_size
                0x1000bcec                lv_obj_refresh_ext_draw_size
                0x1000bd40                lv_obj_get_ext_draw_size
                0x1000bd54                lv_obj_get_layer_type
 .text          0x1000bd6c      0x660 lvgl_build/liblvgl.a(lv_obj_event.c.o)
                0x1000beb0                lv_obj_send_event
                0x1000c040                lv_obj_event_base
                0x1000c080                lv_obj_add_event_cb
                0x1000c0b0                lv_obj_get_event_count
                0x1000c0c8                lv_obj_get_event_dsc
                0x1000c0e0                lv_obj_remove_event
                0x1000c0f8                lv_obj_remove_event_dsc
                0x1000c114                lv_obj_remove_event_cb
                0x1000c198                lv_obj_remove_event_cb_with_user_data
                0x1000c240                lv_event_get_current_target_obj
                0x1000c250                lv_event_get_target_obj
                0x1000c260                lv_event_get_indev
                0x1000c28c                lv_event_get_layer
                0x1000c2ac                lv_event_get_old_size
                0x1000c2c4                lv_event_get_key
                0x1000c2e0                lv_event_get_rotary_diff
                0x1000c2fc                lv_event_get_scroll_anim
                0x1000c314                lv_event_set_ext_draw_size
                0x1000c334                lv_event_get_self_size_info
                0x1000c34c                lv_event_get_hit_test_info
                0x1000c364                lv_event_get_cover_area
                0x1000c37c                lv_event_set_cover_res
                0x1000c398                lv_event_get_draw_task
                0x1000c3b0                lv_event_get_prev_state
 .text          0x1000c3cc     0x3438 lvgl_build/liblvgl.a(lv_obj_pos.c.o)
                0x1000cab0                lv_obj_set_pos
                0x1000cb20                lv_obj_set_x
                0x1000cb54                lv_obj_set_y
                0x1000cb88                lv_obj_set_size
                0x1000cbf8                lv_obj_set_width
                0x1000cc2c                lv_obj_set_height
                0x1000cc60                lv_obj_set_content_width
                0x1000cd08                lv_obj_set_content_height
                0x1000cdb0                lv_obj_set_layout
                0x1000cde4                lv_obj_is_layout_positioned
                0x1000ce2c                lv_obj_mark_layout_as_dirty
                0x1000ce58                lv_obj_set_align
                0x1000ce68                lv_obj_align
                0x1000cee0                lv_obj_get_coords
                0x1000cefc                lv_obj_get_x
                0x1000cf54                lv_obj_get_x2
                0x1000cfbc                lv_obj_get_y
                0x1000d014                lv_obj_get_y2
                0x1000d07c                lv_obj_get_x_aligned
                0x1000d094                lv_obj_get_y_aligned
                0x1000d0ac                lv_obj_get_width
                0x1000d0c0                lv_obj_get_height
                0x1000d0d4                lv_obj_get_content_width
                0x1000d1ec                lv_obj_calc_dynamic_width
                0x1000d288                lv_obj_get_content_height
                0x1000d3a0                lv_obj_calc_dynamic_height
                0x1000d43c                lv_obj_get_content_coords
                0x1000d530                lv_obj_get_self_width
                0x1000d558                lv_obj_get_self_height
                0x1000d580                lv_obj_get_style_clamped_width
                0x1000d6ec                lv_obj_get_style_clamped_height
                0x1000d858                lv_obj_is_style_any_width_content
                0x1000d8b0                lv_obj_is_style_any_height_content
                0x1000d908                lv_obj_is_width_min
                0x1000d9ac                lv_obj_is_height_min
                0x1000da50                lv_obj_is_width_max
                0x1000daf4                lv_obj_is_height_max
                0x1000db98                lv_obj_refresh_self_size
                0x1000dc70                lv_obj_move_children_by
                0x1000df58                lv_obj_transform_point_array
                0x1000e044                lv_obj_transform_point
                0x1000e058                lv_obj_get_transformed_area
                0x1000e148                lv_obj_area_is_visible
                0x1000e420                lv_obj_invalidate
                0x1000e470                lv_obj_move_to
                0x1000e9c0                lv_obj_refr_pos
                0x1000ea08                lv_obj_refr_size
                0x1000ede8                lv_obj_align_to
                0x1000f3e4                lv_obj_update_layout
                0x1000f4f4                lv_obj_invalidate_area
                0x1000f578                lv_obj_is_visible
                0x1000f5b0                lv_obj_set_ext_click_area
                0x1000f5c8                lv_obj_get_click_area
                0x1000f5f4                lv_obj_hit_test
                0x1000f664                lv_clamp_width
                0x1000f6f8                lv_clamp_height
                0x1000f78c                lv_obj_center
                0x1000f7f8                lv_obj_set_transform
                0x1000f7fc                lv_obj_reset_transform
                0x1000f800                lv_obj_get_transform
 .text          0x1000f804     0x1b10 lvgl_build/liblvgl.a(lv_obj_scroll.c.o)
                0x1000fab8                lv_obj_set_scrollbar_mode
                0x1000faec                lv_obj_set_scroll_dir
                0x1000fb20                lv_obj_set_scroll_snap_x
                0x1000fb48                lv_obj_set_scroll_snap_y
                0x1000fb70                lv_obj_get_scrollbar_mode
                0x1000fb8c                lv_obj_get_scroll_dir
                0x1000fba8                lv_obj_get_scroll_snap_x
                0x1000fbc0                lv_obj_get_scroll_snap_y
                0x1000fbd8                lv_obj_get_scroll_x
                0x1000fbec                lv_obj_get_scroll_y
                0x1000fc00                lv_obj_get_scroll_top
                0x1000fc14                lv_obj_get_scroll_bottom
                0x10010550                lv_obj_get_scroll_left
                0x10010584                lv_obj_get_scroll_right
                0x100105b8                lv_obj_get_scroll_end
                0x10010620                lv_obj_scroll_by
                0x10010d14                lv_obj_scroll_by_bounded
                0x10010ec8                lv_obj_scroll_to
                0x10010f3c                lv_obj_scroll_to_x
                0x10010f74                lv_obj_scroll_to_y
                0x10010fac                lv_obj_scroll_to_view
                0x10010fd8                lv_obj_scroll_to_view_recursive
                0x1001101c                lv_obj_scroll_by_raw
                0x10011074                lv_obj_is_scrolling
                0x100110bc                lv_obj_stop_scroll_anim
                0x100110dc                lv_obj_update_snap
                0x1001113c                lv_obj_get_scrollbar_area
                0x1001118c                lv_obj_scrollbar_invalidate
                0x1001121c                lv_obj_readjust_scroll
 .text          0x10011314     0x2dc8 lvgl_build/liblvgl.a(lv_obj_style.c.o)
                0x10011a54                lv_obj_style_init
                0x10011a64                lv_obj_style_deinit
                0x10011a84                lv_obj_style_get_disabled
                0x10011ac0                lv_obj_enable_style_refresh
                0x10011acc                lv_obj_get_style_prop
                0x10011afc                lv_obj_has_style_prop
                0x10011b1c                lv_obj_get_local_style_prop
                0x10011b58                lv_obj_style_apply_color_filter
                0x10011b60                lv_obj_style_state_compare
                0x10011e38                lv_obj_fade_in
                0x10011e90                lv_obj_fade_out
                0x10011f28                lv_obj_calculate_style_text_align
                0x10012014                lv_obj_get_style_opa_recursive
                0x10012154                lv_obj_update_layer_type
                0x10012654                lv_obj_refresh_style
                0x10012670                lv_obj_replace_style
                0x10012acc                lv_obj_remove_style
                0x10012ba0                lv_obj_add_style
                0x10012d98                lv_obj_set_local_style_prop
                0x10012fc8                lv_obj_style_create_transition
                0x10013448                lv_obj_style_set_disabled
                0x100134ac                lv_obj_remove_local_style_prop
                0x1001397c                lv_obj_report_style_change
                0x10013a54                lv_obj_remove_style_all
                0x10013afc                lv_obj_remove_theme
                0x10013ce4                lv_obj_style_apply_recolor
                0x10013e00                lv_obj_get_style_recolor_recursive
                0x10014030                lv_obj_bind_style
                0x10014088                lv_obj_bind_style_prop
 .text          0x100140dc      0xab0 lvgl_build/liblvgl.a(lv_obj_style_gen.c.o)
                0x100140dc                lv_obj_set_style_width
                0x100140f0                lv_obj_set_style_min_width
                0x10014104                lv_obj_set_style_max_width
                0x10014118                lv_obj_set_style_height
                0x1001412c                lv_obj_set_style_min_height
                0x10014140                lv_obj_set_style_max_height
                0x10014154                lv_obj_set_style_length
                0x10014168                lv_obj_set_style_x
                0x1001417c                lv_obj_set_style_y
                0x10014190                lv_obj_set_style_align
                0x100141a4                lv_obj_set_style_transform_width
                0x100141b8                lv_obj_set_style_transform_height
                0x100141cc                lv_obj_set_style_translate_x
                0x100141e0                lv_obj_set_style_translate_y
                0x100141f4                lv_obj_set_style_translate_radial
                0x10014208                lv_obj_set_style_transform_scale_x
                0x1001421c                lv_obj_set_style_transform_scale_y
                0x10014230                lv_obj_set_style_transform_rotation
                0x10014244                lv_obj_set_style_transform_pivot_x
                0x10014258                lv_obj_set_style_transform_pivot_y
                0x1001426c                lv_obj_set_style_transform_skew_x
                0x10014280                lv_obj_set_style_transform_skew_y
                0x10014294                lv_obj_set_style_pad_top
                0x100142a8                lv_obj_set_style_pad_bottom
                0x100142bc                lv_obj_set_style_pad_left
                0x100142d0                lv_obj_set_style_pad_right
                0x100142e4                lv_obj_set_style_pad_row
                0x100142f8                lv_obj_set_style_pad_column
                0x1001430c                lv_obj_set_style_pad_radial
                0x10014320                lv_obj_set_style_margin_top
                0x10014334                lv_obj_set_style_margin_bottom
                0x10014348                lv_obj_set_style_margin_left
                0x1001435c                lv_obj_set_style_margin_right
                0x10014370                lv_obj_set_style_bg_color
                0x10014390                lv_obj_set_style_bg_opa
                0x100143a4                lv_obj_set_style_bg_grad_color
                0x100143c4                lv_obj_set_style_bg_grad_dir
                0x100143d8                lv_obj_set_style_bg_main_stop
                0x100143ec                lv_obj_set_style_bg_grad_stop
                0x10014400                lv_obj_set_style_bg_main_opa
                0x10014414                lv_obj_set_style_bg_grad_opa
                0x10014428                lv_obj_set_style_bg_grad
                0x1001443c                lv_obj_set_style_bg_image_src
                0x10014450                lv_obj_set_style_bg_image_opa
                0x10014464                lv_obj_set_style_bg_image_recolor
                0x10014484                lv_obj_set_style_bg_image_recolor_opa
                0x10014498                lv_obj_set_style_bg_image_tiled
                0x100144ac                lv_obj_set_style_border_color
                0x100144cc                lv_obj_set_style_border_opa
                0x100144e0                lv_obj_set_style_border_width
                0x100144f4                lv_obj_set_style_border_side
                0x10014508                lv_obj_set_style_border_post
                0x1001451c                lv_obj_set_style_outline_width
                0x10014530                lv_obj_set_style_outline_color
                0x10014550                lv_obj_set_style_outline_opa
                0x10014564                lv_obj_set_style_outline_pad
                0x10014578                lv_obj_set_style_shadow_width
                0x1001458c                lv_obj_set_style_shadow_offset_x
                0x100145a0                lv_obj_set_style_shadow_offset_y
                0x100145b4                lv_obj_set_style_shadow_spread
                0x100145c8                lv_obj_set_style_shadow_color
                0x100145e8                lv_obj_set_style_shadow_opa
                0x100145fc                lv_obj_set_style_image_opa
                0x10014610                lv_obj_set_style_image_recolor
                0x10014630                lv_obj_set_style_image_recolor_opa
                0x10014644                lv_obj_set_style_image_colorkey
                0x10014658                lv_obj_set_style_line_width
                0x1001466c                lv_obj_set_style_line_dash_width
                0x10014680                lv_obj_set_style_line_dash_gap
                0x10014694                lv_obj_set_style_line_rounded
                0x100146a8                lv_obj_set_style_line_color
                0x100146c8                lv_obj_set_style_line_opa
                0x100146dc                lv_obj_set_style_arc_width
                0x100146f0                lv_obj_set_style_arc_rounded
                0x10014704                lv_obj_set_style_arc_color
                0x10014724                lv_obj_set_style_arc_opa
                0x10014738                lv_obj_set_style_arc_image_src
                0x1001474c                lv_obj_set_style_text_color
                0x1001476c                lv_obj_set_style_text_opa
                0x10014780                lv_obj_set_style_text_font
                0x10014794                lv_obj_set_style_text_letter_space
                0x100147a8                lv_obj_set_style_text_line_space
                0x100147bc                lv_obj_set_style_text_decor
                0x100147d0                lv_obj_set_style_text_align
                0x100147e4                lv_obj_set_style_text_outline_stroke_color
                0x10014804                lv_obj_set_style_text_outline_stroke_width
                0x10014818                lv_obj_set_style_text_outline_stroke_opa
                0x1001482c                lv_obj_set_style_text_leading_trim
                0x10014840                lv_obj_set_style_blur_radius
                0x10014854                lv_obj_set_style_blur_backdrop
                0x10014868                lv_obj_set_style_blur_quality
                0x1001487c                lv_obj_set_style_drop_shadow_radius
                0x10014890                lv_obj_set_style_drop_shadow_offset_x
                0x100148a4                lv_obj_set_style_drop_shadow_offset_y
                0x100148b8                lv_obj_set_style_drop_shadow_color
                0x100148d8                lv_obj_set_style_drop_shadow_opa
                0x100148ec                lv_obj_set_style_drop_shadow_quality
                0x10014900                lv_obj_set_style_radius
                0x10014914                lv_obj_set_style_radial_offset
                0x10014928                lv_obj_set_style_clip_corner
                0x1001493c                lv_obj_set_style_opa
                0x10014950                lv_obj_set_style_opa_layered
                0x10014964                lv_obj_set_style_color_filter_dsc
                0x10014978                lv_obj_set_style_color_filter_opa
                0x1001498c                lv_obj_set_style_recolor
                0x100149ac                lv_obj_set_style_recolor_opa
                0x100149c0                lv_obj_set_style_anim
                0x100149d4                lv_obj_set_style_anim_duration
                0x100149e8                lv_obj_set_style_transition
                0x100149fc                lv_obj_set_style_blend_mode
                0x10014a10                lv_obj_set_style_layout
                0x10014a24                lv_obj_set_style_base_dir
                0x10014a38                lv_obj_set_style_bitmap_mask_src
                0x10014a4c                lv_obj_set_style_rotary_sensitivity
                0x10014a60                lv_obj_set_style_flex_flow
                0x10014a74                lv_obj_set_style_flex_main_place
                0x10014a88                lv_obj_set_style_flex_cross_place
                0x10014a9c                lv_obj_set_style_flex_track_place
                0x10014ab0                lv_obj_set_style_flex_grow
                0x10014ac4                lv_obj_set_style_grid_column_dsc_array
                0x10014ad8                lv_obj_set_style_grid_column_align
                0x10014aec                lv_obj_set_style_grid_row_dsc_array
                0x10014b00                lv_obj_set_style_grid_row_align
                0x10014b14                lv_obj_set_style_grid_cell_column_pos
                0x10014b28                lv_obj_set_style_grid_cell_x_align
                0x10014b3c                lv_obj_set_style_grid_cell_column_span
                0x10014b50                lv_obj_set_style_grid_cell_row_pos
                0x10014b64                lv_obj_set_style_grid_cell_y_align
                0x10014b78                lv_obj_set_style_grid_cell_row_span
 .text          0x10014b8c      0xc84 lvgl_build/liblvgl.a(lv_obj_tree.c.o)
                0x10015054                lv_obj_delete_anim_completed_cb
                0x10015070                lv_obj_delete
                0x10015088                lv_obj_clean
                0x1001518c                lv_obj_delete_delayed
                0x100151d4                lv_obj_delete_async
                0x100151e8                lv_obj_set_parent
                0x10015260                lv_obj_move_to_index
                0x100152dc                lv_obj_swap
                0x100153c0                lv_obj_get_screen
                0x100153d4                lv_obj_get_display
                0x1001543c                lv_obj_get_parent
                0x10015448                lv_obj_get_child
                0x1001546c                lv_obj_get_child_by_type
                0x100154cc                lv_obj_get_sibling
                0x10015508                lv_obj_get_sibling_by_type
                0x1001556c                lv_obj_get_child_count
                0x10015580                lv_obj_get_child_count_by_type
                0x100155b8                lv_obj_get_index
                0x100155ec                lv_obj_get_index_by_type
                0x10015634                lv_obj_tree_walk
                0x100156cc                lv_obj_dump_tree
 .text          0x10015810     0x18cc lvgl_build/liblvgl.a(lv_observer.c.o)
                0x10015950                lv_subject_init_int
                0x1001598c                lv_subject_get_int
                0x100159a4                lv_subject_get_previous_int
                0x100159bc                lv_subject_set_min_value_int
                0x100159d0                lv_subject_set_max_value_int
                0x100159e4                lv_subject_init_string
                0x10015a44                lv_subject_get_string
                0x10015a5c                lv_subject_get_previous_string
                0x10015a74                lv_subject_init_pointer
                0x10015aa4                lv_subject_get_pointer
                0x10015abc                lv_subject_get_previous_pointer
                0x10015ad4                lv_subject_init_color
                0x10015b10                lv_subject_get_color
                0x10015b58                lv_subject_get_previous_color
                0x10015ba0                lv_subject_init_group
                0x10015c58                lv_subject_get_group_element
                0x10015c80                lv_subject_deinit
                0x10015d14                lv_subject_add_observer
                0x10015d68                lv_subject_add_observer_obj
                0x10015ddc                lv_subject_add_observer_with_target
                0x10015e28                lv_observer_remove
                0x10015e7c                lv_obj_remove_from_subject
                0x10015fb8                lv_observer_get_target
                0x10015fc4                lv_subject_notify
                0x100160ac                lv_subject_snprintf
                0x100161e4                lv_subject_set_pointer
                0x1001623c                lv_subject_set_color
                0x100162b0                lv_subject_set_int
                0x100164a8                lv_subject_copy_string
                0x10016534                lv_obj_add_subject_increment_event
                0x100165a4                lv_obj_set_subject_increment_event_min_value
                0x100165dc                lv_obj_set_subject_increment_event_max_value
                0x10016614                lv_obj_set_subject_increment_event_rollover
                0x1001661c                lv_obj_add_subject_toggle_event
                0x10016640                lv_obj_add_subject_set_int_event
                0x1001669c                lv_obj_add_subject_set_string_event
                0x10016704                lv_obj_bind_flag_if_eq
                0x100167c0                lv_obj_bind_flag_if_not_eq
                0x10016880                lv_obj_bind_flag_if_gt
                0x10016940                lv_obj_bind_flag_if_ge
                0x10016a04                lv_obj_bind_flag_if_lt
                0x10016ac4                lv_obj_bind_flag_if_le
                0x10016b84                lv_obj_bind_state_if_eq
                0x10016c40                lv_obj_bind_state_if_not_eq
                0x10016d00                lv_obj_bind_state_if_gt
                0x10016dc0                lv_obj_bind_state_if_ge
                0x10016e84                lv_obj_bind_state_if_lt
                0x10016f44                lv_obj_bind_state_if_le
                0x10017004                lv_obj_bind_checked
                0x100170c4                lv_observer_get_target_obj
                0x100170d0                lv_observer_get_user_data
 .text          0x100170dc     0x1838 lvgl_build/liblvgl.a(lv_refr.c.o)
                0x100171f4                lv_refr_init
                0x100171f8                lv_refr_deinit
                0x100171fc                lv_obj_redraw
                0x10017a3c                lv_inv_area
                0x10017b4c                lv_refr_get_disp_refreshing
                0x10017b58                lv_refr_set_disp_refreshing
                0x10017b64                lv_refr_get_top_obj
                0x10018800                lv_display_refr_timer
                0x1001884c                lv_refr_now
                0x100188f0                lv_obj_refr
 .text          0x10018914     0x1a30 lvgl_build/liblvgl.a(lv_display.c.o)
                0x10018ca0                lv_display_create
                0x10018eb4                lv_display_delete
                0x10018fe0                lv_display_set_default
                0x10018fec                lv_display_get_default
                0x10018ff8                lv_display_get_next
                0x10019014                lv_display_set_resolution
                0x10019040                lv_display_set_physical_resolution
                0x10019064                lv_display_set_offset
                0x10019088                lv_display_set_dpi
                0x100190a0                lv_display_get_horizontal_resolution
                0x100190cc                lv_display_get_vertical_resolution
                0x100190f8                lv_display_get_original_horizontal_resolution
                0x10019110                lv_display_get_original_vertical_resolution
                0x10019128                lv_display_get_physical_horizontal_resolution
                0x10019160                lv_display_get_physical_vertical_resolution
                0x10019198                lv_display_get_offset_x
                0x100191ec                lv_display_get_offset_y
                0x10019240                lv_display_get_dpi
                0x10019258                lv_display_set_draw_buffers
                0x1001927c                lv_display_set_3rd_draw_buffer
                0x100192a4                lv_display_set_buffers
                0x100193dc                lv_display_set_buffers_with_stride
                0x100194f8                lv_display_set_render_mode
                0x10019510                lv_display_get_flush_cb
                0x10019528                lv_display_set_flush_cb
                0x10019540                lv_display_set_flush_wait_cb
                0x10019558                lv_display_set_sync_cb
                0x10019570                lv_display_set_sync_wait_cb
                0x10019588                lv_display_set_color_format
                0x100195fc                lv_display_get_color_format
                0x10019618                lv_display_set_tile_cnt
                0x10019654                lv_display_get_tile_cnt
                0x10019670                lv_display_set_antialiasing
                0x10019694                lv_display_get_antialiasing
                0x100196b4                lv_display_get_render_mode
                0x100196cc                lv_display_flush_ready
                0x100196d4                lv_display_flush_is_last
                0x100196e0                lv_display_sync_ready
                0x100196e8                lv_display_sync_is_last
                0x100196f4                lv_display_is_double_buffered
                0x10019700                lv_display_get_screen_active
                0x1001971c                lv_display_get_screen_loading
                0x10019738                lv_display_get_screen_prev
                0x10019754                lv_display_get_layer_top
                0x10019770                lv_display_get_layer_sys
                0x1001978c                lv_display_get_layer_bottom
                0x100197a8                lv_screen_load_anim
                0x10019c4c                lv_screen_load
                0x10019c60                lv_display_add_event_cb
                0x10019c78                lv_display_get_event_count
                0x10019c90                lv_display_get_event_dsc
                0x10019ca8                lv_display_remove_event
                0x10019cc0                lv_display_remove_event_cb_with_user_data
                0x10019d1c                lv_display_send_event
                0x10019d30                lv_event_get_invalidated_area
                0x10019d44                lv_display_set_rotation
                0x10019d70                lv_display_get_rotation
                0x10019d90                lv_display_set_matrix_rotation
                0x10019d94                lv_display_get_matrix_rotation
                0x10019db4                lv_display_set_theme
                0x10019e3c                lv_display_get_theme
                0x10019e54                lv_display_get_inactive_time
                0x10019e9c                lv_display_trigger_activity
                0x10019ebc                lv_display_enable_invalidation
                0x10019ee8                lv_display_is_invalidation_enabled
                0x10019f0c                lv_display_get_refr_timer
                0x10019f28                lv_display_delete_refr_timer
                0x10019f50                lv_display_send_vsync_event
                0x10019f88                lv_display_register_vsync_event
                0x10019fd4                lv_display_unregister_vsync_event
                0x1001a064                lv_display_set_user_data
                0x1001a080                lv_display_set_driver_data
                0x1001a09c                lv_display_get_user_data
                0x1001a0b8                lv_display_get_driver_data
                0x1001a0d4                lv_display_get_buf_active
                0x1001a0ec                lv_display_rotate_area
                0x1001a188                lv_display_rotate_point
                0x1001a1e8                lv_display_get_draw_buf_size
                0x1001a208                lv_display_get_invalidated_draw_buf_size
                0x1001a280                lv_screen_active
                0x1001a294                lv_layer_top
                0x1001a2a8                lv_layer_sys
                0x1001a2bc                lv_layer_bottom
                0x1001a2d0                lv_dpx
                0x1001a2fc                lv_display_dpx
 .text          0x1001a344      0x8f0 lvgl_build/liblvgl.a(lv_draw.c.o)
                0x1001a428                lv_draw_init
                0x1001a42c                lv_draw_deinit
                0x1001a474                lv_draw_create_unit
                0x1001a4a0                lv_draw_add_task
                0x1001a52c                lv_draw_wait_for_finish
                0x1001a530                lv_draw_dispatch_layer
                0x1001a724                lv_draw_dispatch
                0x1001a764                lv_draw_finalize_task_creation
                0x1001a854                lv_draw_dispatch_wait_for_request
                0x1001a86c                lv_draw_dispatch_request
                0x1001a87c                lv_draw_get_unit_count
                0x1001a88c                lv_draw_get_next_available_task
                0x1001a958                lv_draw_get_available_task
                0x1001a984                lv_draw_get_dependent_count
                0x1001a9c0                lv_draw_unit_send_event
                0x1001aa28                lv_layer_init
                0x1001aa54                lv_layer_reset
                0x1001aa78                lv_draw_layer_create
                0x1001aaa8                lv_draw_layer_init
                0x1001aab8                lv_draw_layer_alloc_buf
                0x1001ab2c                lv_draw_layer_go_to_xy
                0x1001ab38                lv_draw_task_get_type
                0x1001ab3c                lv_draw_task_get_draw_dsc
                0x1001ab40                lv_draw_task_get_area
                0x1001ab50                lv_draw_layer_create_drop_shadow
                0x1001ab9c                lv_draw_layer_finish_drop_shadow
 .text          0x1001ac34       0x50 lvgl_build/liblvgl.a(lv_draw_blur.c.o)
                0x1001ac34                lv_draw_blur_dsc_init
                0x1001ac48                lv_draw_task_get_blur_dsc
                0x1001ac58                lv_draw_blur
 .text          0x1001ac84      0xee4 lvgl_build/liblvgl.a(lv_draw_buf.c.o)
                0x1001ae70                lv_draw_buf_init_handlers
                0x1001af3c                lv_draw_buf_init_with_default_handlers
                0x1001af78                lv_draw_buf_handlers_init
                0x1001afa4                lv_draw_buf_get_handlers
                0x1001afac                lv_draw_buf_get_font_handlers
                0x1001afb4                lv_draw_buf_get_image_handlers
                0x1001afbc                lv_draw_buf_width_to_stride
                0x1001afd4                lv_draw_buf_width_to_stride_ex
                0x1001afec                lv_draw_buf_align
                0x1001b004                lv_draw_buf_align_ex
                0x1001b01c                lv_draw_buf_invalidate_cache
                0x1001b05c                lv_draw_buf_flush_cache
                0x1001b09c                lv_draw_buf_clear
                0x1001b1e0                lv_draw_buf_init
                0x1001b264                lv_draw_buf_create
                0x1001b384                lv_draw_buf_create_ex
                0x1001b494                lv_draw_buf_dup
                0x1001b5d4                lv_draw_buf_dup_ex
                0x1001b704                lv_draw_buf_reshape
                0x1001b7d0                lv_draw_buf_destroy
                0x1001b80c                lv_draw_buf_copy
                0x1001b830                lv_draw_buf_goto_xy
                0x1001b880                lv_draw_buf_adjust_stride
                0x1001b9dc                lv_draw_buf_premultiply
                0x1001ba40                lv_draw_buf_set_palette
                0x1001ba68                lv_draw_buf_from_image
                0x1001bb0c                lv_draw_buf_to_image
                0x1001bb1c                lv_image_buf_set_palette
                0x1001bb50                lv_image_buf_free
 .text          0x1001bb68      0x800 lvgl_build/liblvgl.a(lv_draw_image.c.o)
                0x1001bc7c                lv_draw_image_dsc_init
                0x1001bccc                lv_draw_task_get_image_dsc
                0x1001bcdc                lv_image_src_get_type
                0x1001bd08                lv_draw_image_tiled_helper
                0x1001be40                lv_image_buf_get_transformed_area
                0x1001bf98                lv_draw_layer
                0x1001c044                lv_draw_image
                0x1001c298                lv_draw_image_normal_helper
 .text          0x1001c368     0x14fc lvgl_build/liblvgl.a(lv_draw_label.c.o)
                0x1001c404                lv_draw_letter_dsc_init
                0x1001c448                lv_draw_label_dsc_init
                0x1001c4c8                lv_draw_task_get_label_dsc
                0x1001c4d8                lv_draw_glyph_dsc_init
                0x1001c4e4                lv_draw_label
                0x1001c510                lv_draw_character
                0x1001c60c                lv_draw_letter
                0x1001c684                lv_draw_label_iterate_characters
                0x1001d6b8                lv_draw_unit_draw_letter
 .text          0x1001d864       0x88 lvgl_build/liblvgl.a(lv_draw_mask.c.o)
                0x1001d864                lv_draw_mask_rect_dsc_init
                0x1001d878                lv_draw_task_get_mask_rect_dsc
                0x1001d888                lv_draw_mask_rect
 .text          0x1001d8ec      0x868 lvgl_build/liblvgl.a(lv_draw_rect.c.o)
                0x1001d8ec                lv_draw_rect_dsc_init
                0x1001d9a4                lv_draw_fill_dsc_init
                0x1001d9bc                lv_draw_task_get_fill_dsc
                0x1001d9cc                lv_draw_fill
                0x1001da58                lv_draw_border_dsc_init
                0x1001da7c                lv_draw_task_get_border_dsc
                0x1001da8c                lv_draw_border
                0x1001db18                lv_draw_box_shadow_dsc_init
                0x1001db30                lv_draw_task_get_box_shadow_dsc
                0x1001db40                lv_draw_box_shadow
                0x1001db6c                lv_draw_rect
 .text          0x1001e154     0x19b8 lvgl_build/liblvgl.a(lv_draw_sw_mask.c.o)
                0x1001ef48                lv_draw_sw_mask_init
                0x1001ef4c                lv_draw_sw_mask_deinit
                0x1001ef50                lv_draw_sw_mask_apply
                0x1001efb0                lv_draw_sw_mask_free_param
                0x1001efe0                lv_draw_sw_mask_cleanup
                0x1001f008                lv_draw_sw_mask_line_points_init
                0x1001f1a4                lv_draw_sw_mask_line_angle_init
                0x1001f37c                lv_draw_sw_mask_angle_init
                0x1001f4a4                lv_draw_sw_mask_radius_init
                0x1001fab4                lv_draw_sw_mask_fade_init
                0x1001fae8                lv_draw_sw_mask_map_init
 .text          0x1001fb0c      0x2b4 lvgl_build/liblvgl.a(lv_font.c.o)
                0x1001fbec                lv_font_get_glyph_bitmap
                0x1001fc18                lv_font_get_glyph_static_bitmap
                0x1001fc54                lv_font_glyph_release_draw_data
                0x1001fc74                lv_font_get_glyph_dsc
                0x1001fc88                lv_font_get_glyph_width
                0x1001fd08                lv_font_set_kerning
                0x1001fd24                lv_font_get_line_height
                0x1001fd28                lv_font_get_default
                0x1001fd30                lv_font_info_is_equal
                0x1001fd7c                lv_font_has_static_bitmap
                0x1001fd88                lv_font_glyph_dsc_compare
 .text          0x1001fdc0      0x4a4 lvgl_build/liblvgl.a(lv_image_decoder.c.o)
                0x1001ff58                lv_image_decoder_init
                0x1001ff78                lv_image_decoder_deinit
                0x1001ffa4                lv_image_decoder_get_info
                0x1001ffd4                lv_image_decoder_open
                0x100200bc                lv_image_decoder_get_area
                0x100200d8                lv_image_decoder_close
                0x10020108                lv_image_decoder_create
                0x10020128                lv_image_decoder_delete
                0x10020140                lv_image_decoder_get_next
                0x1002015c                lv_image_decoder_set_info_cb